// Jest Snapshot v1, https://goo.gl/fbAQLP

exports[`should render HeadingSection component 1`] = `
<ForwardRef(Container)
  maxWidth="xl"
>
  <ForwardRef(Grid)
    alignItems="center"
    container={true}
    spacing={0}
    sx={
      Object {
        "height": "87.5vh",
        "width": "100%",
      }
    }
  >
    <ForwardRef(Grid)
      item={true}
      lg={5}
      sm={7}
      xs={12}
    >
      <styled.div>
        <ForwardRef(Typography)
          sx={
            Object {
              "color": "var(--color-tertiary-light)",
              "fontSize": Object {
                "md": 100,
                "xs": 50,
              },
              "fontWeight": "bold",
            }
          }
          variant="h1"
        >
          CodeNote
        </ForwardRef(Typography)>
        <ForwardRef(Typography)
          sx={
            Object {
              "fontSize": Object {
                "md": 18,
                "xs": 14,
              },
            }
          }
          variant="body1"
        >
          Join us to increase your notes to a higher level. Lots of good features. Create your account and get started!
        </ForwardRef(Typography)>
        <Link
          to="/register"
        >
          <styled.button>
            Create an Account
          </styled.button>
        </Link>
      </styled.div>
    </ForwardRef(Grid)>
  </ForwardRef(Grid)>
</ForwardRef(Container)>
`;
